[2014-02-26 17:36:55][5760][INFO]Convert file: freq: 44100, mode: 1, bps: 128, fd: 26.122450, name: E:\有你有我广播站\14.2.26\五月天 - 永远的永远.mp3
[2014-02-26 17:49:57][5760][INFO]Convert file: freq: 44100, mode: 1, bps: 32, fd: 26.122450, name: E:\有你有我广播站\14.2.26\五月天 - 永远的永远 - Mayday.mp3
[2014-02-26 17:49:59][2484][INFO]Convert file: freq: 32000, mode: 1, bps: 96, fd: 12.000000, name: E:\有你有我广播站\14.2.26\五月天 - 永远的永远 - Mayday.mp3
[2014-04-10 12:52:32][6944][INFO]Convert file: freq: 44100, mode: 1, bps: 128, fd: 26.122450, name: E:\有你有我广播站\2014.4.10\惠特妮休斯顿 - One Moment In Time.mp3
[2014-04-10 12:52:37][7416][INFO]Convert file: freq: 44100, mode: 1, bps: 128, fd: 26.122450, name: E:\有你有我广播站\2014.4.10\惠特妮休斯顿 - One Moment In Time.mp3
[2014-04-10 12:59:16][5648][INFO]Convert file: freq: 44100, mode: 1, bps: 128, fd: 26.122450, name: E:\有你有我广播站\2014.4.10\惠特妮休斯顿 - One Moment In Time.mp3
[2014-04-23 17:44:21][10268][INFO]Convert file: freq: 44100, mode: 1, bps: 128, fd: 26.122450, name: C:\Users\Administrator\Desktop\《不法之徒》第二期ED-漩涡2.0版.mp3
[2014-04-23 17:44:27][18384][INFO]Convert file: freq: 44100, mode: 1, bps: 128, fd: 26.122450, name: C:\Users\Administrator\Desktop\《不法之徒》第二期ED-漩涡2.0版.mp3
[2014-05-13 16:36:00][6604][INFO]Convert file: freq: 8000, mode: 1, bps: 96, fd: 36.000000, name: E:\有你有我广播站\2014.5.13\少女时代 - Into The New World.mp3
[2014-05-13 16:36:05][7988][INFO]Convert file: freq: 12000, mode: 1, bps: 144, fd: 8.000000, name: E:\有你有我广播站\2014.5.13\少女时代 - Into The New World.mp3
[2014-05-19 18:05:38][7164][INFO]Convert file: freq: 44100, mode: 1, bps: 128, fd: 26.122450, name: J:\QM\丁当\丁当 - 不是你的错.mp3
[2014-05-19 18:05:51][7164][INFO]Convert file: freq: 44100, mode: 1, bps: 128, fd: 26.122450, name: J:\QM\S.H.E\s.h.e - 一眼万年.mp3
[2014-05-19 18:05:56][5632][INFO]Convert file: freq: 44100, mode: 1, bps: 128, fd: 26.122450, name: J:\QM\S.H.E\s.h.e - 一眼万年.mp3
[2014-05-19 18:07:57][7164][INFO]Convert file: freq: 44100, mode: 1, bps: 128, fd: 26.122450, name: C:\Users\Administrator\Desktop\2014.5.19\s.h.e - 一眼万年.mp3
[2014-05-19 18:07:59][7724][INFO]Convert file: freq: 44100, mode: 1, bps: 128, fd: 26.122450, name: C:\Users\Administrator\Desktop\2014.5.19\s.h.e - 一眼万年.mp3
[2014-06-09 18:00:14][4992][INFO]Convert file: freq: 44100, mode: 1, bps: 128, fd: 26.122450, name: C:\Users\Administrator\Desktop\2014.6.9\アメフラシの歌~beautiful rain~_动漫原声.mp3
[2014-06-09 18:00:16][1708][INFO]Convert file: freq: 44100, mode: 1, bps: 128, fd: 26.122450, name: C:\Users\Administrator\Desktop\2014.6.9\アメフラシの歌~beautiful rain~_动漫原声.mp3
[2014-06-09 18:03:22][4992][INFO]Convert file: freq: 44100, mode: 1, bps: 128, fd: 26.122450, name: C:\Users\Administrator\Desktop\2014.6.9\アメフラシの歌~beautiful rain~_动漫原声.mp3
[2014-06-09 18:12:49][4992][INFO]Convert file: freq: 44100, mode: 1, bps: 128, fd: 26.122450, name: C:\Users\Administrator\Desktop\2014.6.9\アメフラシの歌~beautiful rain~_动漫原声.mp3
[2014-06-23 18:03:35][7172][INFO]Convert file: freq: 32000, mode: 1, bps: 32, fd: 12.000000, name: C:\Users\Administrator\Desktop\2014.6.23\陈慧琳 - 多啦a梦 - 儿歌 日本动画片 主题曲 国.mp3
[2014-06-23 18:03:38][6828][INFO]Convert file: freq: 32000, mode: 1, bps: 32, fd: 12.000000, name: C:\Users\Administrator\Desktop\2014.6.23\陈慧琳 - 多啦a梦 - 儿歌 日本动画片 主题曲 国.mp3
[2014-07-04 18:05:22][5632][INFO]Convert file: freq: 44100, mode: 1, bps: 128, fd: 26.122450, name: E:\有你有我广播站\2014.7.4\《不法之徒》第二期ED-漩涡2.0版.mp3
[2014-07-04 18:05:27][7848][INFO]Convert file: freq: 44100, mode: 1, bps: 128, fd: 26.122450, name: E:\有你有我广播站\2014.7.4\《不法之徒》第二期ED-漩涡2.0版.mp3
[2014-09-09 09:00:40][7832][INFO]Convert file: freq: 16000, mode: 0, bps: 64, fd: 36.000000, name: C:\Users\Administrator\Desktop\2014.9.9\张碧晨-她说(live).mp3
[2014-09-09 09:00:41][7832][INFO]Convert file: freq: 22050, mode: 1, bps: 96, fd: 26.122450, name: C:\Users\Administrator\Desktop\2014.9.9\张碧晨-一路上有你.mp3
[2014-09-09 09:00:42][6944][INFO]Convert file: freq: 16000, mode: 0, bps: 64, fd: 36.000000, name: C:\Users\Administrator\Desktop\2014.9.9\张碧晨-她说(live).mp3
[2014-09-09 09:00:49][8068][INFO]Convert file: freq: 24000, mode: 1, bps: 24, fd: 24.000000, name: C:\Users\Administrator\Desktop\2014.9.9\张碧晨-一路上有你.mp3
[2014-09-09 09:04:07][3056][INFO]Convert file: freq: 16000, mode: 0, bps: 64, fd: 36.000000, name: C:\Users\Administrator\Desktop\2014.9.9\张碧晨-她说(live).mp3
[2014-09-09 09:04:08][3056][INFO]Convert file: freq: 22050, mode: 1, bps: 96, fd: 26.122450, name: C:\Users\Administrator\Desktop\2014.9.9\张碧晨-一路上有你.mp3
[2014-09-09 09:04:08][6016][INFO]Convert file: freq: 16000, mode: 0, bps: 64, fd: 36.000000, name: C:\Users\Administrator\Desktop\2014.9.9\张碧晨-她说(live).mp3
[2014-09-09 09:04:15][6016][INFO]Convert file: freq: 24000, mode: 1, bps: 24, fd: 24.000000, name: C:\Users\Administrator\Desktop\2014.9.9\张碧晨-一路上有你.mp3
[2014-09-09 09:04:29][3828][INFO]Convert file: freq: 24000, mode: 1, bps: 24, fd: 24.000000, name: C:\Users\Administrator\Desktop\2014.9.9\张碧晨-一路上有你.mp3
[2014-09-09 18:04:17][2776][INFO]Convert file: freq: 16000, mode: 0, bps: 64, fd: 36.000000, name: C:\Users\Administrator\Desktop\2014.9.9\张碧晨-她说(live).mp3
[2014-09-09 18:04:23][2776][INFO]Convert file: freq: 22050, mode: 1, bps: 96, fd: 26.122450, name: C:\Users\Administrator\Desktop\2014.9.9\张碧晨-一路上有你.mp3
[2014-09-09 18:10:18][2776][INFO]Convert file: freq: 16000, mode: 0, bps: 64, fd: 36.000000, name: C:\Users\Administrator\Desktop\2014.9.9\张碧晨-她说(live).mp3
[2014-09-09 18:10:22][8184][INFO]Convert file: freq: 16000, mode: 0, bps: 64, fd: 36.000000, name: C:\Users\Administrator\Desktop\2014.9.9\张碧晨-她说(live).mp3
[2014-09-16 16:21:02][1404][INFO]Convert file: freq: 24000, mode: 1, bps: 40, fd: 24.000000, name: C:\Users\Administrator\Desktop\2014.9.16\尚雯婕 - Man In The Mirror.mp3
[2014-09-16 16:21:05][5656][INFO]Convert file: freq: 48000, mode: 1, bps: 384, fd: 8.000000, name: C:\Users\Administrator\Desktop\2014.9.16\尚雯婕 - Man In The Mirror.mp3
[2014-09-16 16:22:35][1404][INFO]Convert file: freq: 24000, mode: 1, bps: 40, fd: 24.000000, name: C:\Users\Administrator\Desktop\2014.9.16\尚雯婕 - Man In The Mirror.mp3
[2014-09-28 12:54:58][8400][INFO]Convert file: freq: 48000, mode: 1, bps: 256, fd: 24.000000, name: E:\有你有我广播站\2014.9.28\can't take my eyes off you.mp3
[2014-09-28 12:55:17][8400][INFO]Convert file: freq: 48000, mode: 1, bps: 256, fd: 24.000000, name: E:\有你有我广播站\2014.9.28\can't take my eyes off you.mp3
[2014-09-28 12:55:26][7756][INFO]Convert file: freq: 44100, mode: 1, bps: 128, fd: 8.707483, name: E:\有你有我广播站\2014.9.28\can't take my eyes off you.mp3
[2014-09-28 13:15:29][8400][INFO]Convert file: freq: 48000, mode: 1, bps: 256, fd: 24.000000, name: E:\有你有我广播站\2014.9.28\can't take my eyes off you.mp3
[2014-09-28 13:15:31][9852][INFO]Convert file: freq: 44100, mode: 1, bps: 128, fd: 8.707483, name: E:\有你有我广播站\2014.9.28\can't take my eyes off you.mp3
[2014-10-10 12:17:52][3464][INFO]Convert file: freq: 11025, mode: 1, bps: 128, fd: 26.122450, name: E:\有你有我广播站\2014.10.10\Bruno Mars - Just The Way You Are.mp3
[2014-10-10 12:17:57][8280][INFO]Convert file: freq: 11025, mode: 1, bps: 128, fd: 26.122450, name: E:\有你有我广播站\2014.10.10\Bruno Mars - Just The Way You Are.mp3
[2014-10-10 12:18:06][8280][INFO]Convert file: freq: 11025, mode: 1, bps: 128, fd: 26.122450, name: E:\有你有我广播站\2014.10.10\Bruno Mars - Just The Way You Are.mp3
[2014-10-29 13:29:38][7216][INFO]Convert file: freq: 22050, mode: 1, bps: 160, fd: 26.122450, name: C:\Users\Administrator\Desktop\陈乐基-月半小夜曲(live).mp3
[2014-10-29 13:29:54][7216][INFO]Convert file: freq: 22050, mode: 1, bps: 64, fd: 26.122450, name: C:\Users\Administrator\Desktop\刘明湘-漂洋过海来看你(live).mp3
[2014-10-29 13:29:57][7108][INFO]Convert file: freq: 8000, mode: 1, bps: 80, fd: 36.000000, name: C:\Users\Administrator\Desktop\刘明湘-漂洋过海来看你(live).mp3
[2014-10-29 13:30:10][7216][INFO]Convert file: freq: 22050, mode: 1, bps: 64, fd: 26.122450, name: C:\Users\Administrator\Desktop\刘明湘-漂洋过海来看你(live).mp3
[2014-11-04 17:51:03][1300][INFO]Convert file: freq: 22050, mode: 1, bps: 32, fd: 26.122450, name: C:\Users\Administrator\Desktop\陈冰-盛夏光年(live).mp3
[2014-11-04 17:51:05][6956][INFO]Convert file: freq: 8000, mode: 0, bps: 32, fd: 36.000000, name: C:\Users\Administrator\Desktop\陈冰-盛夏光年(live).mp3
[2014-11-12 17:52:26][4888][INFO]Convert file: freq: 44100, mode: 1, bps: 128, fd: 26.122450, name: E:\有你有我广播站\2014.5.19\s.h.e - 一眼万年.mp3
[2014-12-08 12:14:33][5304][INFO]Convert file: freq: 22050, mode: 1, bps: 160, fd: 26.122450, name: C:\Users\Administrator\Desktop\中国好声音\耿斯汉-美丽世界的孤儿(live).mp3
