[2021-05-25 17:35:53][1104][INFO]Convert file: freq: 48000, mode: 1, bps: 224, fd: 24.000000, name: D:\UserData\Administrator\Desktop\陈学冬-曲折(超清).mp3
[2021-05-25 17:45:17][1104][INFO]Convert file: freq: 48000, mode: 1, bps: 224, fd: 24.000000, name: D:\UserData\Administrator\Desktop\陈学冬-曲折(超清).mp3
[2022-10-25 17:41:59][1196][INFO]Convert file: freq: 11025, mode: 0, bps: 16, fd: 26.122450, name: D:\UserData\Administrator\Desktop\10.25\范丞丞 - 秘密.mp3
[2023-03-07 17:10:02][1376][INFO]Convert file: freq: 24000, mode: 1, bps: 48, fd: 24.000000, name: J:\杨中校园电视台 有你有我广播站\3.7\沐泽 - 女孩.mp3
[2023-03-07 17:46:52][1376][INFO]Convert file: freq: 24000, mode: 1, bps: 48, fd: 24.000000, name: J:\杨中校园电视台 有你有我广播站\3.7\沐泽 - 女孩.mp3
[2023-03-16 17:31:41][348][INFO]Convert file: freq: 44100, mode: 1, bps: 64, fd: 26.122450, name: D:\UserData\Administrator\Desktop\ditto.mp3
[2023-03-16 17:37:58][348][INFO]Convert file: freq: 44100, mode: 1, bps: 64, fd: 26.122450, name: D:\UserData\Administrator\Desktop\ditto.mp3
[2023-04-05 17:57:25][1136][INFO]Convert file: freq: 44100, mode: 1, bps: 64, fd: 26.122450, name: D:\UserData\Administrator\Desktop\ditto.mp3
[2023-04-05 17:57:46][1136][INFO]Convert file: freq: 44100, mode: 1, bps: 64, fd: 26.122450, name: D:\UserData\Administrator\Desktop\ditto.mp3
[2023-05-09 17:47:45][1096][INFO]Convert file: freq: 44100, mode: 1, bps: 64, fd: 26.122450, name: D:\UserData\Administrator\Desktop\ditto.mp3
[2023-05-09 18:00:54][1096][INFO]Convert file: freq: 44100, mode: 1, bps: 64, fd: 26.122450, name: D:\UserData\Administrator\Desktop\ditto.mp3
[2023-06-15 17:50:29][1136][INFO]Convert file: freq: 44100, mode: 1, bps: 64, fd: 26.122450, name: D:\UserData\Administrator\Desktop\ditto.mp3
[2023-06-15 17:51:54][1136][INFO]Convert file: freq: 44100, mode: 1, bps: 64, fd: 26.122450, name: D:\UserData\Administrator\Desktop\ditto.mp3
[2023-12-28 17:12:32][1100][INFO]Convert file: freq: 44100, mode: 0, bps: 128, fd: 26.122450, name: J:\广播\播音4.mp3
[2023-12-28 17:17:01][1100][INFO]Convert file: freq: 44100, mode: 0, bps: 128, fd: 26.122450, name: J:\广播\播音4.mp3
[2024-03-05 17:09:29][1092][INFO]Convert file: freq: 48000, mode: 1, bps: 128, fd: 24.000000, name: J:\gegege\周二广播.mp3
[2024-03-05 17:21:59][1092][INFO]Convert file: freq: 48000, mode: 1, bps: 128, fd: 24.000000, name: J:\gegege\周二广播.mp3
[2024-03-05 17:22:48][1092][INFO]Convert file: freq: 48000, mode: 1, bps: 128, fd: 24.000000, name: J:\gegege\周二广播.mp3
[2024-03-05 17:23:30][1092][INFO]Convert file: freq: 48000, mode: 1, bps: 128, fd: 24.000000, name: J:\gegege\周二广播.mp3
[2024-03-05 17:23:57][1092][INFO]Convert file: freq: 48000, mode: 1, bps: 128, fd: 24.000000, name: J:\gegege\周二广播.mp3
[2024-03-05 17:24:03][1092][INFO]Convert file: freq: 48000, mode: 1, bps: 128, fd: 24.000000, name: J:\gegege\周二广播.mp3
[2024-03-05 17:24:05][1092][INFO]Convert file: freq: 48000, mode: 1, bps: 128, fd: 24.000000, name: J:\gegege\周二广播.mp3
[2024-03-05 17:40:38][1092][INFO]Convert file: freq: 48000, mode: 1, bps: 128, fd: 24.000000, name: J:\gegege\周二广播.mp3
[2024-03-19 17:21:54][412][INFO]Convert file: freq: 44100, mode: 0, bps: 128, fd: 26.122450, name: J:\3.19音频.mp3
[2024-03-19 17:24:39][412][INFO]Convert file: freq: 44100, mode: 0, bps: 128, fd: 26.122450, name: J:\3.19音频.mp3
[2024-03-21 17:17:14][676][INFO]Convert file: freq: 44100, mode: 0, bps: 128, fd: 26.122450, name: J:\周四广播\3.14\播音-20240310135650.mp3
[2024-03-21 17:19:29][676][INFO]Convert file: freq: 44100, mode: 0, bps: 128, fd: 26.122450, name: J:\周四广播\3.14\播音-20240310135650.mp3
[2024-04-16 17:17:59][304][INFO]Convert file: freq: 44100, mode: 1, bps: 128, fd: 26.122450, name: J:\四月二广播.mp3
[2024-04-16 17:20:51][304][INFO]Convert file: freq: 44100, mode: 1, bps: 128, fd: 26.122450, name: J:\四月二广播.mp3
[2024-04-16 17:42:39][304][INFO]Convert file: freq: 44100, mode: 1, bps: 128, fd: 26.122450, name: J:\四月二广播.mp3
[2024-04-16 17:42:52][304][INFO]Convert file: freq: 44100, mode: 1, bps: 128, fd: 26.122450, name: J:\四月二广播.mp3
[2024-06-27 17:12:00][1724][INFO]Convert file: freq: 11025, mode: 1, bps: 48, fd: 26.122450, name: J:\蒸汽鸟报\6.27\等一下就回家 - 即使是如此渺小的我们.mp3
[2024-06-27 17:18:58][1724][INFO]Convert file: freq: 11025, mode: 1, bps: 48, fd: 26.122450, name: J:\蒸汽鸟报\6.27\等一下就回家 - 即使是如此渺小的我们.mp3
[2024-12-19 16:52:32][1752][INFO]Convert file: freq: 16000, mode: 1, bps: 8, fd: 36.000000, name: J:\到期末放的\Taylor Swift - All Too Well (10 Minute Version) (Taylor's Version) (From The Vault).mp3
[2024-12-19 17:20:21][1752][INFO]Convert file: freq: 16000, mode: 1, bps: 8, fd: 36.000000, name: J:\到期末放的\Taylor Swift - All Too Well (10 Minute Version) (Taylor's Version) (From The Vault).mp3
[2025-04-02 17:29:43][500][INFO]Convert file: freq: 44100, mode: 1, bps: 128, fd: 26.122450, name: J:\music\砂狼白子 _ 早濑优香 _ 黑馆晴奈 _ 伊落玛丽 _ 久田泉奈 - 准备出发！.mp3
[2025-04-02 17:39:13][500][INFO]Convert file: freq: 44100, mode: 1, bps: 128, fd: 26.122450, name: J:\music\砂狼白子 _ 早濑优香 _ 黑馆晴奈 _ 伊落玛丽 _ 久田泉奈 - 准备出发！.mp3
[2025-04-02 17:48:25][500][INFO]Convert file: freq: 44100, mode: 1, bps: 128, fd: 26.122450, name: J:\music\砂狼白子 _ 早濑优香 _ 黑馆晴奈 _ 伊落玛丽 _ 久田泉奈 - 准备出发！.mp3
[2025-04-09 17:36:40][1392][INFO]Convert file: freq: 44100, mode: 1, bps: 128, fd: 26.122450, name: J:\music\砂狼白子 _ 早濑优香 _ 黑馆晴奈 _ 伊落玛丽 _ 久田泉奈 - 准备出发！.mp3
[2025-04-09 17:43:02][1392][INFO]Convert file: freq: 44100, mode: 1, bps: 128, fd: 26.122450, name: J:\music\砂狼白子 _ 早濑优香 _ 黑馆晴奈 _ 伊落玛丽 _ 久田泉奈 - 准备出发！.mp3
[2025-04-09 17:49:43][1392][INFO]Convert file: freq: 44100, mode: 1, bps: 128, fd: 26.122450, name: J:\music\砂狼白子 _ 早濑优香 _ 黑馆晴奈 _ 伊落玛丽 _ 久田泉奈 - 准备出发！.mp3
[2025-04-16 17:33:29][1132][INFO]Convert file: freq: 44100, mode: 1, bps: 128, fd: 26.122450, name: J:\music\砂狼白子 _ 早濑优香 _ 黑馆晴奈 _ 伊落玛丽 _ 久田泉奈 - 准备出发！.mp3
[2025-04-16 17:33:36][1132][INFO]Convert file: freq: 44100, mode: 1, bps: 128, fd: 26.122450, name: J:\music\砂狼白子 _ 早濑优香 _ 黑馆晴奈 _ 伊落玛丽 _ 久田泉奈 - 准备出发！.mp3
[2025-04-16 17:47:31][1132][INFO]Convert file: freq: 44100, mode: 1, bps: 128, fd: 26.122450, name: J:\music\砂狼白子 _ 早濑优香 _ 黑馆晴奈 _ 伊落玛丽 _ 久田泉奈 - 准备出发！.mp3
[2025-09-16 17:08:25][1692][INFO]Convert file: freq: 44100, mode: 1, bps: 128, fd: 26.122450, name: J:\music\砂狼白子 _ 早濑优香 _ 黑馆晴奈 _ 伊落玛丽 _ 久田泉奈 - 准备出发！.mp3
[2025-09-16 17:26:46][1692][INFO]Convert file: freq: 44100, mode: 1, bps: 128, fd: 26.122450, name: J:\music\砂狼白子 _ 早濑优香 _ 黑馆晴奈 _ 伊落玛丽 _ 久田泉奈 - 准备出发！.mp3
